schema {
  query: Query
  mutation: Mutation
}

type ApiCollectionOfPlayer {
  items: [Player!]!
  totalCount: Int!
}

type Game {
  players: ApiCollectionOfPlayer!
  settings: GameSettings!
  id: UUID!
  name: String!
  description: String!
}

type GameSettings {
  game: Game!
  id: UUID!
  gameId: UUID!
  votingTime: Int!
  isBreakAllowed: Boolean!
}

type GameUserPair {
  gameId: UUID!
  userId: UUID!
}

type Mutation {
  ping: String!
  createGame(name: String! description: String!): Game!
  joinGame(gameId: UUID!): GameUserPair!
  leaveGame(gameId: UUID!): GameUserPair!
  createGameSettings(gameId: UUID! votingTime: Int! isBreakAllowed: Boolean!): GameSettings!
  updateGameSettings(id: UUID! gameId: UUID! votingTime: Int! isBreakAllowed: Boolean!): GameSettings!
}

type Player {
  id: UUID!
  name: String!
}

type Query {
  ping: String!
  info: String!
  game(gameId: UUID!): Game!
  players(gameId: UUID!): ApiCollectionOfPlayer!
  gameSettings(gameId: UUID!): GameSettings!
}

scalar UUID @specifiedBy(url: "https:\/\/tools.ietf.org\/html\/rfc4122")
